// Jest Snapshot v1, https://goo.gl/fbAQLP

exports[`CostBudgetConstruct CostBudgetConstruct matches snapshot 1`] = `
{
  "Parameters": {
    "BootstrapVersion": {
      "Default": "/cdk-bootstrap/hnb659fds/version",
      "Description": "Version of the CDK Bootstrap resources in this environment, automatically retrieved from SSM Parameter Store. [cdk:skip]",
      "Type": "AWS::SSM::Parameter::Value<String>",
    },
  },
  "Resources": {
    "TestBudgetCostAlertTopic21EC3533": {
      "Properties": {
        "DisplayName": "AWS Cost Budget Alerts",
        "TopicName": "attendance-kit-cost-alerts",
      },
      "Type": "AWS::SNS::Topic",
    },
    "TestBudgetCostAlertTopicPolicy51E09611": {
      "Properties": {
        "PolicyDocument": {
          "Statement": [
            {
              "Action": "SNS:Publish",
              "Effect": "Allow",
              "Principal": {
                "Service": "budgets.amazonaws.com",
              },
              "Resource": {
                "Ref": "TestBudgetCostAlertTopic21EC3533",
              },
              "Sid": "0",
            },
          ],
          "Version": "2012-10-17",
        },
        "Topics": [
          {
            "Ref": "TestBudgetCostAlertTopic21EC3533",
          },
        ],
      },
      "Type": "AWS::SNS::TopicPolicy",
    },
    "TestBudgetCostAlertTopictestexamplecom48B36FCB": {
      "Properties": {
        "Endpoint": "test@example.com",
        "Protocol": "email",
        "TopicArn": {
          "Ref": "TestBudgetCostAlertTopic21EC3533",
        },
      },
      "Type": "AWS::SNS::Subscription",
    },
    "TestBudgetMonthlyBudget33BDB0B3": {
      "Properties": {
        "Budget": {
          "BudgetLimit": {
            "Amount": 1000,
            "Unit": "JPY",
          },
          "BudgetName": "test-budget",
          "BudgetType": "COST",
          "TimeUnit": "MONTHLY",
        },
        "NotificationsWithSubscribers": [
          {
            "Notification": {
              "ComparisonOperator": "GREATER_THAN",
              "NotificationType": "ACTUAL",
              "Threshold": 100,
              "ThresholdType": "PERCENTAGE",
            },
            "Subscribers": [
              {
                "Address": {
                  "Ref": "TestBudgetCostAlertTopic21EC3533",
                },
                "SubscriptionType": "SNS",
              },
            ],
          },
          {
            "Notification": {
              "ComparisonOperator": "GREATER_THAN",
              "NotificationType": "FORECASTED",
              "Threshold": 100,
              "ThresholdType": "PERCENTAGE",
            },
            "Subscribers": [
              {
                "Address": {
                  "Ref": "TestBudgetCostAlertTopic21EC3533",
                },
                "SubscriptionType": "SNS",
              },
            ],
          },
        ],
      },
      "Type": "AWS::Budgets::Budget",
    },
  },
  "Rules": {
    "CheckBootstrapVersion": {
      "Assertions": [
        {
          "Assert": {
            "Fn::Not": [
              {
                "Fn::Contains": [
                  [
                    "1",
                    "2",
                    "3",
                    "4",
                    "5",
                  ],
                  {
                    "Ref": "BootstrapVersion",
                  },
                ],
              },
            ],
          },
          "AssertDescription": "CDK bootstrap stack version 6 required. Please run 'cdk bootstrap' with a recent version of the CDK CLI.",
        },
      ],
    },
  },
}
`;
